// Jest Snapshot v1, https://goo.gl/fbAQLP

exports[`renders with snapshot 1`] = `"<div class=\\"fixed inset-0 bg-black bg-opacity-80\\" data-testid=\\"base-modal-overlay\\"></div>"`;

exports[`renders with snapshot 2`] = `
Object {
  "id": Any<Number>,
  "publishedAt": Any<Date>,
  "title": "Video title",
}
`;

exports[`renders with snapshot 3`] = `"A very very long comment"`;
